[facebook] Extracting URL: https://facebook.com/475841587884690/videos/744372871141776
Testing download from: https://facebook.com/475841587884690/videos/744372871141776
[facebook] 744372871141776: Downloading webpage
python : ERROR: 
[facebook] 
744372871141776: 
Unable to download 
webpage: [Errno 
11001] getaddrinfo 
failed (caused by Tra
nsportError('[Errno 
11001] getaddrinfo 
failed'))
At line:1 char:1
+ python test_fb.py 
2>&1 | tee 
test_output.txt
+ ~~~~~~~~~~~~~~~~~~~
~~~
    + CategoryInfo   
           : NotSpe  
  cified: (ERROR:    
 [faceboo...rinfo    
 failed')):Strin    
g) [], RemoteExc    
eption
    + FullyQualified 
   ErrorId : Native  
  CommandError
 
Error: ERROR: [facebook] 744372871141776: Unable to download webpage: [Errno 11001] getaddrinfo failed (caused by TransportError('[Errno 11001] getaddrinfo failed'))
